
> manlist-front@0.0.0 build
> tsc -b && vite build

src/components/services/anilistService.tsx(220,37): error TS1005: ',' expected.
src/components/services/anilistService.tsx(220,48): error TS1005: ',' expected.
src/components/services/anilistService.tsx(220,57): error TS1005: ',' expected.
src/components/services/anilistService.tsx(220,58): error TS17008: JSX element 'T' has no corresponding closing tag.
src/components/services/anilistService.tsx(220,62): error TS1382: Unexpected token. Did you mean `{'>'}` or `&gt;`?
src/components/services/anilistService.tsx(221,3): error TS1109: Expression expected.
src/components/services/anilistService.tsx(221,37): error TS17008: JSX element 'T' has no corresponding closing tag.
src/components/services/anilistService.tsx(222,1): error TS1381: Unexpected token. Did you mean `{'}'}` or `&rbrace;`?
src/components/services/anilistService.tsx(226,19): error TS1382: Unexpected token. Did you mean `{'>'}` or `&gt;`?
src/components/services/anilistService.tsx(227,3): error TS1109: Expression expected.
src/components/services/anilistService.tsx(228,5): error TS1109: Expression expected.
src/components/services/anilistService.tsx(229,3): error TS1381: Unexpected token. Did you mean `{'}'}` or `&rbrace;`?
src/components/services/anilistService.tsx(232,19): error TS1382: Unexpected token. Did you mean `{'>'}` or `&gt;`?
src/components/services/anilistService.tsx(234,1): error TS1381: Unexpected token. Did you mean `{'}'}` or `&rbrace;`?
src/components/services/anilistService.tsx(238,12): error TS1003: Identifier expected.
src/components/services/anilistService.tsx(239,3): error TS1005: '...' expected.
src/components/services/anilistService.tsx(239,7): error TS1005: '}' expected.
src/components/services/anilistService.tsx(241,1): error TS1381: Unexpected token. Did you mean `{'}'}` or `&rbrace;`?
src/components/services/anilistService.tsx(241,2): error TS1382: Unexpected token. Did you mean `{'>'}` or `&gt;`?
src/components/services/anilistService.tsx(241,5): error TS1382: Unexpected token. Did you mean `{'>'}` or `&gt;`?
src/components/services/anilistService.tsx(242,3): error TS1109: Expression expected.
src/components/services/anilistService.tsx(251,3): error TS1109: Expression expected.
src/components/services/anilistService.tsx(253,39): error TS1382: Unexpected token. Did you mean `{'>'}` or `&gt;`?
src/components/services/anilistService.tsx(254,5): error TS1109: Expression expected.
src/components/services/anilistService.tsx(255,7): error TS1109: Expression expected.
src/components/services/anilistService.tsx(267,5): error TS1381: Unexpected token. Did you mean `{'}'}` or `&rbrace;`?
src/components/services/anilistService.tsx(268,3): error TS1381: Unexpected token. Did you mean `{'}'}` or `&rbrace;`?
src/components/services/anilistService.tsx(280,16): error TS1005: ',' expected.
src/components/services/anilistService.tsx(281,18): error TS1005: '}' expected.
src/components/services/anilistService.tsx(283,11): error TS1005: '}' expected.
src/components/services/anilistService.tsx(286,9): error TS1381: Unexpected token. Did you mean `{'}'}` or `&rbrace;`?
src/components/services/anilistService.tsx(300,11): error TS1005: '}' expected.
src/components/services/anilistService.tsx(302,13): error TS1005: '}' expected.
src/components/services/anilistService.tsx(304,11): error TS1381: Unexpected token. Did you mean `{'}'}` or `&rbrace;`?
src/components/services/anilistService.tsx(308,13): error TS1005: '}' expected.
src/components/services/anilistService.tsx(309,11): error TS1381: Unexpected token. Did you mean `{'}'}` or `&rbrace;`?
src/components/services/anilistService.tsx(315,9): error TS1381: Unexpected token. Did you mean `{'}'}` or `&rbrace;`?
src/components/services/anilistService.tsx(316,7): error TS1381: Unexpected token. Did you mean `{'}'}` or `&rbrace;`?
src/components/services/anilistService.tsx(317,5): error TS1381: Unexpected token. Did you mean `{'}'}` or `&rbrace;`?
src/components/services/anilistService.tsx(323,5): error TS1109: Expression expected.
src/components/services/anilistService.tsx(324,22): error TS1382: Unexpected token. Did you mean `{'>'}` or `&gt;`?
src/components/services/anilistService.tsx(326,28): error TS1005: '}' expected.
src/components/services/anilistService.tsx(326,35): error TS1381: Unexpected token. Did you mean `{'}'}` or `&rbrace;`?
src/components/services/anilistService.tsx(328,3): error TS1381: Unexpected token. Did you mean `{'}'}` or `&rbrace;`?
src/components/services/anilistService.tsx(331,5): error TS1109: Expression expected.
src/components/services/anilistService.tsx(332,13): error TS1005: '}' expected.
src/components/services/anilistService.tsx(335,23): error TS1005: '}' expected.
src/components/services/anilistService.tsx(337,7): error TS1381: Unexpected token. Did you mean `{'}'}` or `&rbrace;`?
src/components/services/anilistService.tsx(340,14): error TS1005: '}' expected.
src/components/services/anilistService.tsx(342,7): error TS1381: Unexpected token. Did you mean `{'}'}` or `&rbrace;`?
src/components/services/anilistService.tsx(343,5): error TS1381: Unexpected token. Did you mean `{'}'}` or `&rbrace;`?
src/components/services/anilistService.tsx(346,7): error TS1109: Expression expected.
src/components/services/anilistService.tsx(351,5): error TS1381: Unexpected token. Did you mean `{'}'}` or `&rbrace;`?
src/components/services/anilistService.tsx(354,23): error TS17008: JSX element 'AniListPageResponse' has no corresponding closing tag.
src/components/services/anilistService.tsx(361,7): error TS1109: Expression expected.
src/components/services/anilistService.tsx(362,5): error TS1381: Unexpected token. Did you mean `{'}'}` or `&rbrace;`?
src/components/services/anilistService.tsx(377,15): error TS1382: Unexpected token. Did you mean `{'>'}` or `&gt;`?
src/components/services/anilistService.tsx(383,11): error TS1005: '}' expected.
src/components/services/anilistService.tsx(387,16): error TS1005: '}' expected.
src/components/services/anilistService.tsx(391,9): error TS1381: Unexpected token. Did you mean `{'}'}` or `&rbrace;`?
src/components/services/anilistService.tsx(392,5): error TS1381: Unexpected token. Did you mean `{'}'}` or `&rbrace;`?
src/components/services/anilistService.tsx(393,3): error TS1381: Unexpected token. Did you mean `{'}'}` or `&rbrace;`?
src/components/services/anilistService.tsx(397,6): error TS1005: '}' expected.
src/components/services/anilistService.tsx(404,3): error TS1381: Unexpected token. Did you mean `{'}'}` or `&rbrace;`?
src/components/services/anilistService.tsx(405,1): error TS1381: Unexpected token. Did you mean `{'}'}` or `&rbrace;`?
src/components/services/anilistService.tsx(409,12): error TS17008: JSX element 'AnimeDetails' has no corresponding closing tag.
src/components/services/anilistService.tsx(409,27): error TS1382: Unexpected token. Did you mean `{'>'}` or `&gt;`?
src/components/services/anilistService.tsx(410,3): error TS1109: Expression expected.
src/components/services/anilistService.tsx(412,15): error TS1005: ',' expected.
src/components/services/anilistService.tsx(415,9): error TS1005: '}' expected.
src/components/services/anilistService.tsx(417,11): error TS1005: '}' expected.
src/components/services/anilistService.tsx(419,9): error TS1381: Unexpected token. Did you mean `{'}'}` or `&rbrace;`?
src/components/services/anilistService.tsx(425,11): error TS1005: '}' expected.
src/components/services/anilistService.tsx(426,9): error TS1381: Unexpected token. Did you mean `{'}'}` or `&rbrace;`?
src/components/services/anilistService.tsx(439,11): error TS1005: '}' expected.
src/components/services/anilistService.tsx(441,9): error TS1381: Unexpected token. Did you mean `{'}'}` or `&rbrace;`?
src/components/services/anilistService.tsx(445,11): error TS1005: '}' expected.
src/components/services/anilistService.tsx(447,9): error TS1381: Unexpected token. Did you mean `{'}'}` or `&rbrace;`?
src/components/services/anilistService.tsx(450,17): error TS1005: '}' expected.
src/components/services/anilistService.tsx(453,9): error TS1381: Unexpected token. Did you mean `{'}'}` or `&rbrace;`?
src/components/services/anilistService.tsx(456,17): error TS1005: '}' expected.
src/components/services/anilistService.tsx(459,13): error TS1005: '}' expected.
src/components/services/anilistService.tsx(462,15): error TS1005: '}' expected.
src/components/services/anilistService.tsx(469,13): error TS1381: Unexpected token. Did you mean `{'}'}` or `&rbrace;`?
src/components/services/anilistService.tsx(470,11): error TS1381: Unexpected token. Did you mean `{'}'}` or `&rbrace;`?
src/components/services/anilistService.tsx(471,9): error TS1381: Unexpected token. Did you mean `{'}'}` or `&rbrace;`?
src/components/services/anilistService.tsx(474,17): error TS1005: '}' expected.
src/components/services/anilistService.tsx(477,13): error TS1005: '}' expected.
src/components/services/anilistService.tsx(480,15): error TS1005: '}' expected.
src/components/services/anilistService.tsx(487,13): error TS1381: Unexpected token. Did you mean `{'}'}` or `&rbrace;`?
src/components/services/anilistService.tsx(492,15): error TS1005: '}' expected.
src/components/services/anilistService.tsx(499,13): error TS1381: Unexpected token. Did you mean `{'}'}` or `&rbrace;`?
src/components/services/anilistService.tsx(500,11): error TS1381: Unexpected token. Did you mean `{'}'}` or `&rbrace;`?
src/components/services/anilistService.tsx(501,9): error TS1381: Unexpected token. Did you mean `{'}'}` or `&rbrace;`?
src/components/services/anilistService.tsx(505,11): error TS1005: '}' expected.
src/components/services/anilistService.tsx(509,9): error TS1381: Unexpected token. Did you mean `{'}'}` or `&rbrace;`?
src/components/services/anilistService.tsx(512,17): error TS1005: '}' expected.
src/components/services/anilistService.tsx(515,13): error TS1005: '}' expected.
src/components/services/anilistService.tsx(518,15): error TS1005: '}' expected.
src/components/services/anilistService.tsx(527,13): error TS1381: Unexpected token. Did you mean `{'}'}` or `&rbrace;`?
src/components/services/anilistService.tsx(528,11): error TS1381: Unexpected token. Did you mean `{'}'}` or `&rbrace;`?
src/components/services/anilistService.tsx(529,9): error TS1381: Unexpected token. Did you mean `{'}'}` or `&rbrace;`?
src/components/services/anilistService.tsx(530,7): error TS1381: Unexpected token. Did you mean `{'}'}` or `&rbrace;`?
src/components/services/anilistService.tsx(531,5): error TS1381: Unexpected token. Did you mean `{'}'}` or `&rbrace;`?
src/components/services/anilistService.tsx(535,5): error TS1109: Expression expected.
src/components/services/anilistService.tsx(536,13): error TS1005: '}' expected.
src/components/services/anilistService.tsx(539,23): error TS1005: '}' expected.
src/components/services/anilistService.tsx(541,7): error TS1381: Unexpected token. Did you mean `{'}'}` or `&rbrace;`?
src/components/services/anilistService.tsx(545,18): error TS1005: '}' expected.
src/components/services/anilistService.tsx(547,9): error TS1109: Expression expected.
src/components/services/anilistService.tsx(548,7): error TS1381: Unexpected token. Did you mean `{'}'}` or `&rbrace;`?
src/components/services/anilistService.tsx(549,5): error TS1381: Unexpected token. Did you mean `{'}'}` or `&rbrace;`?
src/components/services/anilistService.tsx(552,7): error TS1109: Expression expected.
src/components/services/anilistService.tsx(557,5): error TS1381: Unexpected token. Did you mean `{'}'}` or `&rbrace;`?
src/components/services/anilistService.tsx(560,23): error TS17008: JSX element 'AniListDetailsResponse' has no corresponding closing tag.
src/components/services/anilistService.tsx(569,7): error TS1109: Expression expected.
src/components/services/anilistService.tsx(570,5): error TS1381: Unexpected token. Did you mean `{'}'}` or `&rbrace;`?
src/components/services/anilistService.tsx(575,7): error TS1109: Expression expected.
src/components/services/anilistService.tsx(576,5): error TS1381: Unexpected token. Did you mean `{'}'}` or `&rbrace;`?
src/components/services/anilistService.tsx(579,3): error TS1381: Unexpected token. Did you mean `{'}'}` or `&rbrace;`?
src/components/services/anilistService.tsx(583,6): error TS1005: '}' expected.
src/components/services/anilistService.tsx(588,3): error TS1381: Unexpected token. Did you mean `{'}'}` or `&rbrace;`?
src/components/services/anilistService.tsx(589,1): error TS1381: Unexpected token. Did you mean `{'}'}` or `&rbrace;`?
src/components/services/anilistService.tsx(592,34): error TS1003: Identifier expected.
src/components/services/anilistService.tsx(592,36): error TS1382: Unexpected token. Did you mean `{'>'}` or `&gt;`?
src/components/services/anilistService.tsx(592,39): error TS1382: Unexpected token. Did you mean `{'>'}` or `&gt;`?
src/components/services/anilistService.tsx(593,5): error TS1109: Expression expected.
src/components/services/anilistService.tsx(594,18): error TS1005: '}' expected.
src/components/services/anilistService.tsx(597,15): error TS1005: '}' expected.
src/components/services/anilistService.tsx(598,7): error TS1381: Unexpected token. Did you mean `{'}'}` or `&rbrace;`?
src/components/services/anilistService.tsx(599,5): error TS1381: Unexpected token. Did you mean `{'}'}` or `&rbrace;`?
src/components/services/anilistService.tsx(602,7): error TS1109: Expression expected.
src/components/services/anilistService.tsx(607,5): error TS1381: Unexpected token. Did you mean `{'}'}` or `&rbrace;`?
src/components/services/anilistService.tsx(610,23): error TS17008: JSX element 'WatchlistListResponse' has no corresponding closing tag.
src/components/services/anilistService.tsx(615,3): error TS1381: Unexpected token. Did you mean `{'}'}` or `&rbrace;`?
src/components/services/anilistService.tsx(619,18): error TS1003: Identifier expected.
src/components/services/anilistService.tsx(621,3): error TS1382: Unexpected token. Did you mean `{'>'}` or `&gt;`?
src/components/services/anilistService.tsx(622,12): error TS17008: JSX element 'WatchlistItem' has no corresponding closing tag.
src/components/services/anilistService.tsx(622,28): error TS1382: Unexpected token. Did you mean `{'>'}` or `&gt;`?
src/components/services/anilistService.tsx(623,3): error TS1109: Expression expected.
src/components/services/anilistService.tsx(624,5): error TS1109: Expression expected.
src/components/services/anilistService.tsx(625,13): error TS1005: '}' expected.
src/components/services/anilistService.tsx(628,23): error TS1005: '}' expected.
src/components/services/anilistService.tsx(629,7): error TS1381: Unexpected token. Did you mean `{'}'}` or `&rbrace;`?
src/components/services/anilistService.tsx(633,5): error TS1381: Unexpected token. Did you mean `{'}'}` or `&rbrace;`?
src/components/services/anilistService.tsx(636,7): error TS1109: Expression expected.
src/components/services/anilistService.tsx(637,25): error TS17008: JSX element 'ApiErrorResponse' has no corresponding closing tag.
src/components/services/anilistService.tsx(639,21): error TS1382: Unexpected token. Did you mean `{'>'}` or `&gt;`?
src/components/services/anilistService.tsx(646,5): error TS1381: Unexpected token. Did you mean `{'}'}` or `&rbrace;`?
src/components/services/anilistService.tsx(649,23): error TS17008: JSX element 'WatchlistItemResponse' has no corresponding closing tag.
src/components/services/anilistService.tsx(654,3): error TS1381: Unexpected token. Did you mean `{'}'}` or `&rbrace;`?
src/components/services/anilistService.tsx(658,6): error TS1005: '}' expected.
src/components/services/anilistService.tsx(661,3): error TS1381: Unexpected token. Did you mean `{'}'}` or `&rbrace;`?
src/components/services/anilistService.tsx(662,1): error TS1381: Unexpected token. Did you mean `{'}'}` or `&rbrace;`?
src/components/services/anilistService.tsx(667,5): error TS17008: JSX element 'Omit' has no corresponding closing tag.
src/components/services/anilistService.tsx(672,12): error TS17008: JSX element 'WatchlistItem' has no corresponding closing tag.
src/components/services/anilistService.tsx(672,28): error TS1382: Unexpected token. Did you mean `{'>'}` or `&gt;`?
src/components/services/anilistService.tsx(673,3): error TS1109: Expression expected.
src/components/services/anilistService.tsx(674,5): error TS1109: Expression expected.
src/components/services/anilistService.tsx(677,15): error TS1005: '}' expected.
src/components/services/anilistService.tsx(680,25): error TS1005: '}' expected.
src/components/services/anilistService.tsx(681,9): error TS1381: Unexpected token. Did you mean `{'}'}` or `&rbrace;`?
src/components/services/anilistService.tsx(685,7): error TS1381: Unexpected token. Did you mean `{'}'}` or `&rbrace;`?
src/components/services/anilistService.tsx(689,7): error TS1109: Expression expected.
src/components/services/anilistService.tsx(690,25): error TS17008: JSX element 'ApiErrorResponse' has no corresponding closing tag.
src/components/services/anilistService.tsx(692,21): error TS1382: Unexpected token. Did you mean `{'>'}` or `&gt;`?
src/components/services/anilistService.tsx(699,5): error TS1381: Unexpected token. Did you mean `{'}'}` or `&rbrace;`?
src/components/services/anilistService.tsx(702,23): error TS17008: JSX element 'WatchlistItemResponse' has no corresponding closing tag.
src/components/services/anilistService.tsx(707,3): error TS1381: Unexpected token. Did you mean `{'}'}` or `&rbrace;`?
src/components/services/anilistService.tsx(711,6): error TS1005: '}' expected.
src/components/services/anilistService.tsx(714,3): error TS1381: Unexpected token. Did you mean `{'}'}` or `&rbrace;`?
src/components/services/anilistService.tsx(715,1): error TS1381: Unexpected token. Did you mean `{'}'}` or `&rbrace;`?
src/components/services/anilistService.tsx(719,12): error TS17008: JSX element 'void' has no corresponding closing tag.
src/components/services/anilistService.tsx(719,19): error TS1382: Unexpected token. Did you mean `{'>'}` or `&gt;`?
src/components/services/anilistService.tsx(720,3): error TS1109: Expression expected.
src/components/services/anilistService.tsx(721,5): error TS1109: Expression expected.
src/components/services/anilistService.tsx(724,15): error TS1005: '}' expected.
src/components/services/anilistService.tsx(726,7): error TS1381: Unexpected token. Did you mean `{'}'}` or `&rbrace;`?
src/components/services/anilistService.tsx(730,7): error TS1109: Expression expected.
src/components/services/anilistService.tsx(735,5): error TS1381: Unexpected token. Did you mean `{'}'}` or `&rbrace;`?
src/components/services/anilistService.tsx(736,3): error TS1381: Unexpected token. Did you mean `{'}'}` or `&rbrace;`?
src/components/services/anilistService.tsx(740,6): error TS1005: '}' expected.
src/components/services/anilistService.tsx(743,3): error TS1381: Unexpected token. Did you mean `{'}'}` or `&rbrace;`?
src/components/services/anilistService.tsx(744,1): error TS1381: Unexpected token. Did you mean `{'}'}` or `&rbrace;`?
src/components/services/anilistService.tsx(744,3): error TS1005: '</' expected.
src/hooks/useAuth.tsx(20,37): error TS1005: ',' expected.
src/hooks/useAuth.tsx(20,48): error TS1005: ',' expected.
src/hooks/useAuth.tsx(20,57): error TS1005: ',' expected.
src/hooks/useAuth.tsx(20,58): error TS17008: JSX element 'T' has no corresponding closing tag.
src/hooks/useAuth.tsx(20,62): error TS1382: Unexpected token. Did you mean `{'>'}` or `&gt;`?
src/hooks/useAuth.tsx(21,3): error TS1109: Expression expected.
src/hooks/useAuth.tsx(21,37): error TS17008: JSX element 'T' has no corresponding closing tag.
src/hooks/useAuth.tsx(22,1): error TS1381: Unexpected token. Did you mean `{'}'}` or `&rbrace;`?
src/hooks/useAuth.tsx(24,28): error TS1382: Unexpected token. Did you mean `{'>'}` or `&gt;`?
src/hooks/useAuth.tsx(25,3): error TS1109: Expression expected.
src/hooks/useAuth.tsx(25,41): error TS1003: Identifier expected.
src/hooks/useAuth.tsx(25,47): error TS1382: Unexpected token. Did you mean `{'>'}` or `&gt;`?
src/hooks/useAuth.tsx(31,45): error TS1003: Identifier expected.
src/hooks/useAuth.tsx(31,51): error TS1382: Unexpected token. Did you mean `{'>'}` or `&gt;`?
src/hooks/useAuth.tsx(35,17): error TS1382: Unexpected token. Did you mean `{'>'}` or `&gt;`?
src/hooks/useAuth.tsx(36,5): error TS1109: Expression expected.
src/hooks/useAuth.tsx(38,46): error TS17008: JSX element 'void' has no corresponding closing tag.
src/hooks/useAuth.tsx(38,53): error TS1382: Unexpected token. Did you mean `{'>'}` or `&gt;`?
src/hooks/useAuth.tsx(39,25): error TS1005: '}' expected.
src/hooks/useAuth.tsx(42,29): error TS1005: '}' expected.
src/hooks/useAuth.tsx(43,7): error TS1381: Unexpected token. Did you mean `{'}'}` or `&rbrace;`?
src/hooks/useAuth.tsx(47,10): error TS1005: '}' expected.
src/hooks/useAuth.tsx(48,7): error TS1381: Unexpected token. Did you mean `{'}'}` or `&rbrace;`?
src/hooks/useAuth.tsx(49,28): error TS1005: '}' expected.
src/hooks/useAuth.tsx(50,7): error TS1381: Unexpected token. Did you mean `{'}'}` or `&rbrace;`?
src/hooks/useAuth.tsx(51,5): error TS1381: Unexpected token. Did you mean `{'}'}` or `&rbrace;`?
src/hooks/useAuth.tsx(56,3): error TS1381: Unexpected token. Did you mean `{'}'}` or `&rbrace;`?
src/hooks/useAuth.tsx(61,14): error TS17008: JSX element 'void' has no corresponding closing tag.
src/hooks/useAuth.tsx(61,21): error TS1382: Unexpected token. Did you mean `{'>'}` or `&gt;`?
src/hooks/useAuth.tsx(62,23): error TS1005: '}' expected.
src/hooks/useAuth.tsx(65,38): error TS1005: '}' expected.
src/hooks/useAuth.tsx(67,5): error TS1381: Unexpected token. Did you mean `{'}'}` or `&rbrace;`?
src/hooks/useAuth.tsx(72,8): error TS1005: '}' expected.
src/hooks/useAuth.tsx(75,5): error TS1381: Unexpected token. Did you mean `{'}'}` or `&rbrace;`?
src/hooks/useAuth.tsx(76,26): error TS1005: '}' expected.
src/hooks/useAuth.tsx(77,5): error TS1381: Unexpected token. Did you mean `{'}'}` or `&rbrace;`?
src/hooks/useAuth.tsx(78,3): error TS1381: Unexpected token. Did you mean `{'}'}` or `&rbrace;`?
src/hooks/useAuth.tsx(80,36): error TS17008: JSX element 'void' has no corresponding closing tag.
src/hooks/useAuth.tsx(80,43): error TS1382: Unexpected token. Did you mean `{'>'}` or `&gt;`?
src/hooks/useAuth.tsx(81,23): error TS1005: '}' expected.
src/hooks/useAuth.tsx(84,24): error TS1005: '}' expected.
src/hooks/useAuth.tsx(86,5): error TS1381: Unexpected token. Did you mean `{'}'}` or `&rbrace;`?
src/hooks/useAuth.tsx(91,8): error TS1005: '}' expected.
src/hooks/useAuth.tsx(94,5): error TS1381: Unexpected token. Did you mean `{'}'}` or `&rbrace;`?
src/hooks/useAuth.tsx(95,26): error TS1005: '}' expected.
src/hooks/useAuth.tsx(96,5): error TS1381: Unexpected token. Did you mean `{'}'}` or `&rbrace;`?
src/hooks/useAuth.tsx(97,3): error TS1381: Unexpected token. Did you mean `{'}'}` or `&rbrace;`?
src/hooks/useAuth.tsx(104,14): error TS17008: JSX element 'void' has no corresponding closing tag.
src/hooks/useAuth.tsx(104,21): error TS1382: Unexpected token. Did you mean `{'>'}` or `&gt;`?
src/hooks/useAuth.tsx(105,23): error TS1005: '}' expected.
src/hooks/useAuth.tsx(113,8): error TS1005: '}' expected.
src/hooks/useAuth.tsx(116,5): error TS1381: Unexpected token. Did you mean `{'}'}` or `&rbrace;`?
src/hooks/useAuth.tsx(121,8): error TS1005: '}' expected.
src/hooks/useAuth.tsx(124,5): error TS1381: Unexpected token. Did you mean `{'}'}` or `&rbrace;`?
src/hooks/useAuth.tsx(125,26): error TS1005: '}' expected.
src/hooks/useAuth.tsx(126,5): error TS1381: Unexpected token. Did you mean `{'}'}` or `&rbrace;`?
src/hooks/useAuth.tsx(127,3): error TS1381: Unexpected token. Did you mean `{'}'}` or `&rbrace;`?
src/hooks/useAuth.tsx(131,14): error TS17008: JSX element 'void' has no corresponding closing tag.
src/hooks/useAuth.tsx(131,21): error TS1382: Unexpected token. Did you mean `{'>'}` or `&gt;`?
src/hooks/useAuth.tsx(132,23): error TS1005: '}' expected.
src/hooks/useAuth.tsx(135,39): error TS1005: '}' expected.
src/hooks/useAuth.tsx(137,5): error TS1381: Unexpected token. Did you mean `{'}'}` or `&rbrace;`?
src/hooks/useAuth.tsx(142,8): error TS1005: '}' expected.
src/hooks/useAuth.tsx(145,5): error TS1381: Unexpected token. Did you mean `{'}'}` or `&rbrace;`?
src/hooks/useAuth.tsx(146,26): error TS1005: '}' expected.
src/hooks/useAuth.tsx(147,5): error TS1381: Unexpected token. Did you mean `{'}'}` or `&rbrace;`?
src/hooks/useAuth.tsx(148,3): error TS1381: Unexpected token. Did you mean `{'}'}` or `&rbrace;`?
src/hooks/useAuth.tsx(150,43): error TS17008: JSX element 'void' has no corresponding closing tag.
src/hooks/useAuth.tsx(150,50): error TS1382: Unexpected token. Did you mean `{'>'}` or `&gt;`?
src/hooks/useAuth.tsx(151,23): error TS1005: '}' expected.
src/hooks/useAuth.tsx(154,31): error TS1005: '}' expected.
src/hooks/useAuth.tsx(158,5): error TS1381: Unexpected token. Did you mean `{'}'}` or `&rbrace;`?
src/hooks/useAuth.tsx(163,8): error TS1005: '}' expected.
src/hooks/useAuth.tsx(166,5): error TS1381: Unexpected token. Did you mean `{'}'}` or `&rbrace;`?
src/hooks/useAuth.tsx(167,26): error TS1005: '}' expected.
src/hooks/useAuth.tsx(168,5): error TS1381: Unexpected token. Did you mean `{'}'}` or `&rbrace;`?
src/hooks/useAuth.tsx(169,3): error TS1381: Unexpected token. Did you mean `{'}'}` or `&rbrace;`?
src/hooks/useAuth.tsx(173,14): error TS17008: JSX element 'boolean' has no corresponding closing tag.
src/hooks/useAuth.tsx(173,24): error TS1382: Unexpected token. Did you mean `{'>'}` or `&gt;`?
src/hooks/useAuth.tsx(174,23): error TS1005: '}' expected.
src/hooks/useAuth.tsx(177,7): error TS1109: Expression expected.
src/hooks/useAuth.tsx(180,22): error TS1005: '}' expected.
src/hooks/useAuth.tsx(181,9): error TS1381: Unexpected token. Did you mean `{'}'}` or `&rbrace;`?
src/hooks/useAuth.tsx(185,9): error TS1109: Expression expected.
src/hooks/useAuth.tsx(186,7): error TS1381: Unexpected token. Did you mean `{'}'}` or `&rbrace;`?
src/hooks/useAuth.tsx(189,25): error TS17008: JSX element 'QuestionnaireCompletionResponse' has no corresponding closing tag.
src/hooks/useAuth.tsx(194,5): error TS1381: Unexpected token. Did you mean `{'}'}` or `&rbrace;`?
src/hooks/useAuth.tsx(198,8): error TS1005: '}' expected.
src/hooks/useAuth.tsx(201,5): error TS1381: Unexpected token. Did you mean `{'}'}` or `&rbrace;`?
src/hooks/useAuth.tsx(202,26): error TS1005: '}' expected.
src/hooks/useAuth.tsx(203,5): error TS1381: Unexpected token. Did you mean `{'}'}` or `&rbrace;`?
src/hooks/useAuth.tsx(204,3): error TS1381: Unexpected token. Did you mean `{'}'}` or `&rbrace;`?
src/hooks/useAuth.tsx(216,3): error TS1109: Expression expected.
src/hooks/useAuth.tsx(217,1): error TS1381: Unexpected token. Did you mean `{'}'}` or `&rbrace;`?
src/hooks/useAuth.tsx(219,22): error TS1005: '</' expected.
